[   0.00000] niiaiznggrou sbss cpuset[   0.000] Initalzing grp subsyscp
[   0.0000] Initializing cgroup subsys cpuacct
[    .0000]Linux vrsin 4.4.0-3-gneic (buildd@lcy01-01) (gcc version 5.4.0 20160609 (Ubuntu 5.4.0-6ubuntu1~16.042) #55-buu SMP Thu Aug 11 18:01:55 UTC 2016 (Ubuntu 4.4.0-36.55-generic 4.4.16)
[   0.0000] Command line: BOOT_IMAGE=/boot/vmlinuz-4.4.0-36-generic root=LABELcldimg-roos o conslety1 console=ttyS0
[    .0000] KERNEL supported cpus:
[    0.000000]   Intel GenuineIntel
[    0.000000]   AMD AuthenticAMD
[    0.000000]   Centaur CentaurHauls
[    0.000000] x86/fpu: xstate_offset[2]:  576, xstate_sizes[2]:  256
[    0.000000] x86/fpu: Supporting XSAVE feature 0x01: 'x87 floating point registers'
[    0.000000] x86/fpu: Supporting XSAVE feature 0x02: 'SSE registers'
[    0.000000] x86/fpu: Supporting XSAVE feature 0x04: 'AVX registers'
[    0.000000] x86/fpu: Enabled xstate features 0x7, context size is 832 bytes, using 'standard' format.
[    0.000000] x86/fpu:Usng'ly' FPUcoext wihes.
[  .000000] e820: BIOS-provided phsil RAM mp:
[  0.000000] BIOS-e820: [mem 0x0000000000000000-0x000000000fbff uble
[    0.000000] BIOS-e820: [mem 0x000000000009fc00-0x000000000009ffff] reserved
[    0.000000] BIOS-e820: [mem 0x00000000000f0000-0x00000000000fffff] reserved
[    0.000000] BIOS-e820: [mem 0x0000000000100000-0x000000003ffeffff] usable
[   .00000] BOS-e820:[mem 0x000000ff000-0x000000003fffffff] ACPI data
[    0.000000] BIOS-e820: [em 0x00000000fffc0000-x0000000ffffffff] reserved
[   .000000]NXExecue isble) roecion: active
[  0000000] SMBIOS 2.5 present.
[    0.000000] Hypervisor detected: KVM
[   000000] e820: last_pfn = 0x3fff0 max_arch_pfn = 0x400000000
[    0.000000]86PAT: Configuration [0-7]: WB  WC  UC- UC  WB  WC  UC- WT  
[    0.000000] MTRR: Disabled
[    0.000000] CPU MTRRs all blank - virtualized system.
[    0.000000] found SMP MP-table at [mem 0x0009fff0-0x0009ff] apd t [fff880009ff0
[    0.000000] Scanning 1 areas for low memory corruption
[    0.000000] RAMDISK: [mem 0x371b8000-0x378d3fff]
[    0.000000] ACPI: Early table checksum verification disabled
[   00000] ACP: SD 0x00000000E0000 000024 (v02 VBOX  )
[    000000] ACPI: XDT 0x00000003FFF003 0003C (01 VBX  VBOXXSD 000001 AL  00000061
    0.0000 ACP: AC 0x000000003FFF00F0 0000F4 (v0 VX   BOFACP 000001 ASL  00000061)
   0.0000] ACPI: DSDT 0x000000003FFF0470 002118 (v01 VBOX   VBOXBIOS 00000002 INTL 201052)
[    0.00000] CP: FACS0x00000003FFF0000004
[   0.000000] ACPI: FACS 0x000000003FFF0200 000040
[    0.00000] ACI: APC 0x000000003FFF24 00005C (v2 BOX   VBOXAPIC 00000001 ASL  0000006
[   .00000] ACPI SDT 00000003FF02A 0001C (v01 VBOX   VBOXCPU 000002 INTL 20100528)
[   0.000] No UMconfigraio foud[   .000000] Fking a node at[mem 0x0000000000000-0x000000003ffeffff]
[  0.0000]NODE_AT(0 allated [mem 0x3feb000-x3feffff]
   0.000000] vmlock: Ungmsrs 4b56d01and 4b54d00
   0.000000] kvm-clock: cpu 0, msr 0:3ffe7001, primary cpu clock
[    0.000000] kvm-clock: using sched offset of 3925751 cyes
[    .0000]cloksource:kvcloc: as: 0xfffffffffffmax_cyces 0x1cd42e4dffb, max_idle_ns: 881590591483 ns
[    0.0000 Zone ranges:
[    00000]   DMA      [mem 0x0000000000001000-0x0000000000ffffff]
[    0.000000]   DMA32    [mem 0x00000001000000-0x000003ffeffff]
[  00000   Norma   empty
[    .00000]   evice   ety
[    0.000000] Movable zone start for each node
[    0.000000] Early memory node ranges
[    0.000000]   node   0: [memx000000000100-0x000000000009efff]
[    0.00000]  node   : mem x00000000000-00000003ffeffff]
[  0.00000Initmem setup node 0 [mem 0x000000000000100-x000003ffeff
[    0.000000] ACPI: PM-Timer IO Port: 0x4008
[    0.000000] IOAPIC[0]: apic_id 2, version 17, address 0xfec00000, GSI 0-23
[   0.000000] ACPI: INT_SRC_OVR (bus 0 bus_irq 0 glbairq 2 dl fl)
[   000000] ACPI: IN_SRC_VR bu 0 bus_irq 9 glba_irq 9 high leel)
[    0.000000] Uing ACPI (MDT for SP onfiguration information
[    0.000000] smpboot: Allowing 2 CPUs, 0 hotplug CPUs
[    0.00000 PM: Rgiteed nosve memory: [mem 0x000000-0x00000f]
[    0.0000] PM:Registerednoave memory: [mem 0x009f00-0x000ffff]
[    0.00000] PM: Registerd osave memoy:mem 0x000a0000-0x000efff
[   .00000]PMRegistered nosave memory: [mem 0x000f0000-0x000fffff]
[    0.000000] e820: [mem 0x40000000-0xfffbffff] available for PCI devices
[    0.000000] Booting paravirtualized kernel on KVM
[    0.000000] clocksource: refined-jiffies: mask: 0xffffffff max_cycles: 0xffffffff, max_idle_ns: 7645519600211568 ns
[    0.000000] setup_percpu: NR_CPUS:256 nr_cpumask_bits:256 nr_cpu_ids:2 nr_node_ids:1
[    0.000000] PERCPU: Embedded 33 pages/cpu @ffff88003fc00000 s98008 r8192 d28968 10576
[   00000]V qspinock as table entries: 256 (order: 0, 4096 bytes)
[    0.000000] But  zonelists in Node order, mobility grouping on.  Total pages: 257913
[    0.000000] Policy zone: DMA32
[   0.00000] erel command line: BOOT_IMAGE=/boot/vmlinuz-4.4.0-36-generic root=LABEL=cloudimg-rootfs ro console=tty1 console=ttyS0
[  0000000]PIhash tableentries: 4096 (order: 3, 32768 bytes)
[    0.000] Memory: 1005360K/1048120K available (8394K kernel code, 1282K rwdata, 3944K rodata, 1480K init, 1292K bss, 42760K reserved, 0K cma-reserved)
[  00000]SL: Waig64, Order0-, MinObjct0, CUs2,Nodes=
   0.000000] Hiearical RC ilementatio.[    .0000] 	Build-time adjustment of leaf fanout to 64.
[    0.000000] 	RCU restricting CPUs from N_CPUS256 to nr_cpuid=2.
[    0.000] RCU: Adjusting geometr for cufanou_leaf=64, nr_cpu_ids=2
[    0.000000] NR_IRQS:16640 nr_irqs:440 16
[    0.000000] Console: colour VGA+ 80x25
[    0.000000] console [tty1] enabled
[    0.000000] console [ttyS0] enabled
[    0.000000] tsc: Detected 2294.770 MHz processor
[   10.078341] Calibrating delay loop (skipped) preset value.. 4589.54 BogoMIPS (lpj=9179080)
[   10.145452] pid_max: default: 32768 minimum: 301
[   10.192021] ACPI: Core revision 20150930
[   10.206692] ACPI: 2 ACPI AML tables successfully acquired and loaded
[   10.274871] Security Framework initialized
[   10.294282] Yama: becoming mindful.
[   10.324519] AppArmor: AppArmor initialized
[   10.354864] Dentry cache hash table entries: 131072 (order: 8, 1048576 bytes)
[   10.398445] Inode-cache hash table entries: 65536 (order: 7, 524288 bytes)
[   10.461005] Mount-cache hash table entries: 2048 (order: 2, 16384 bytes)
[   10.521267] Mountpoint-cache hash table entries: 2048 (order: 2, 16384 bytes)
[   10.532902] Initializing cgroup subsys io
[   10.568120] Initializing cgroup subsys memory
[   10.655944] Initializing cgroup subsys devices
[   10.717083] Initializing cgroup subsys freezer
[   10.719006] Initializing cgroup subsys net_cls
[   10.773714] Initializing cgroup subsys perf_event
[   10.783847] Initializing cgroup subsys net_prio
[   10.849999] Initializing cgroup subsys hugetlb
[   10.906211] Initializing cgroup subsys pids
[   10.949727] CPU: Physical Processor ID: 0
[   10.965317] CPU: Processor Core ID: 0
[   10.991448] mce: CPU supports 0 MCE banks
[   11.011246] Last level iTLB entries: 4KB 512, 2MB 8, 4MB 8
[   11.095196] Last level dTLB entries: 4KB 512, 2MB 32, 4MB 32, 1GB 0
[   11.138278] Freeing SMP alternatives memory: 28K (ffffffff820b4000 - ffffffff820bb000)
[   11.173729] ftrace: allocating 31996 entries in 125 pages
[   11.255044] smpboot: Max logical packages: 1
[   11.262084] smpboot: APIC(0) Converting physical 0 to logical package 0
[   11.278265] ..TIMER: vector=0x30 apic1=0 pin1=2 apic2=-1 pin2=-1
[   11.537972] smpboot: CPU0: Intel(R) Core(TM) i7-3615QM CPU @ 2.30GHz (family: 0x6, model: 0x3a, stepping: 0x9)
[   11.731873] Performance Events: unsupported p6 CPU model 58 no PMU driver, software events only.
[   11.802333] KVM setup paravirtual spinlock
[   11.859174] x86: Booting SMP configuration:
[   11.906735] .... node  #0, CPUs:      #1
[   11.958475] kvm-clock: cpu 1, msr 0:3ffe7041, secondary cpu clock
[   11.985323] mce: CPU supports 0 MCE banks
[   12.000904] x86: Booted up 1 node, 2 CPUs
[   12.010502] smpboot: Total of 2 processors activated (9179.08 BogoMIPS)
[   12.027661] devtmpfs: initialized
[   12.037099] evm: security.selinux
[   12.074418] evm: security.SMACK64
[   12.107210] evm: security.SMACK64EXEC
[   12.130923] evm: security.SMACK64TRANSMUTE
[   12.162175] evm: security.SMACK64MMAP
[   12.174569] evm: security.ima
[   12.226346] evm: security.capability
[   12.272503] clocksource: jiffies: mask: 0xffffffff max_cycles: 0xffffffff, max_idle_ns: 7645041785100000 ns
[   12.293147] pinctrl core: initialized pinctrl subsystem
[   12.361306] RTC time: 23:34:30, date: 09/08/16
[   12.377663] NET: Registered protocol family 16
[   12.517747] cpuidle: using governor ladder
[   12.600877] cpuidle: using governor menu
[   12.695098] PCCT header not found.
[   12.696069] ACPI: bus type PCI registered
[   12.697109] acpiphp: ACPI Hot Plug PCI Controller Driver version: 0.5
[   12.769794] PCI: Using configuration type 1 for base access
[   12.924614] ACPI: Added _OSI(Module Device)
[   12.994454] ACPI: Added _OSI(Processor Device)
[   13.019495] ACPI: Added _OSI(3.0 _SCP Extensions)
[   13.050706] ACPI: Added _OSI(Processor Aggregator Device)
[   13.110631] ACPI: Executed 1 blocks of module-level executable AML code
[   13.133001] ACPI: Interpreter enabled
[   13.168026] ACPI Exception: AE_NOT_FOUND, While evaluating Sleep State [\_S1_] (20150930/hwxface-580)
[   13.214903] ACPI Exception: AE_NOT_FOUND, While evaluating Sleep State [\_S2_] (20150930/hwxface-580)
[   13.260589] ACPI Exception: AE_NOT_FOUND, While evaluating Sleep State [\_S3_] (20150930/hwxface-580)
[   13.290956] ACPI Exception: AE_NOT_FOUND, While evaluating Sleep State [\_S4_] (20150930/hwxface-580)
[   13.311035] ACPI: (supports S0 S5)
[   13.334769] ACPI: Using IOAPIC for interrupt routing
[   13.369657] PCI: Using host bridge windows from ACPI; if necessary, use "pci=nocrs" and report a bug
[   13.415558] ACPI: PCI Root Bridge [PCI0] (domain 0000 [bus 00-ff])
[   13.452761] acpi PNP0A03:00: _OSC: OS supports [ASPM ClockPM Segments MSI]
[   13.523523] acpi PNP0A03:00: _OSC failed (AE_NOT_FOUND); disabling ASPM
[   13.572214] acpi PNP0A03:00: fail to add MMCONFIG information, can't access extended PCI configuration space under this bridge.
[   13.629176] PCI host bridge to bus 0000:00
[   13.664519] pci_bus 0000:00: root bus resource [io  0x0000-0x0cf7 window]
[   13.700394] pci_bus 0000:00: root bus resource [io  0x0d00-0xffff window]
[   13.767657] pci_bus 0000:00: root bus resource [mem 0x000a0000-0x000bffff window]
[   13.805517] pci_bus 0000:00: root bus resource [mem 0x40000000-0xffdfffff window]
[   13.868655] pci_bus 0000:00: root bus resource [bus 00-ff]
[   13.918656] pci 0000:00:01.1: legacy IDE quirk: reg 0x10: [io  0x01f0-0x01f7]
[   13.989046] pci 0000:00:01.1: legacy IDE quirk: reg 0x14: [io  0x03f6]
[   14.051312] pci 0000:00:01.1: legacy IDE quirk: reg 0x18: [io  0x0170-0x0177]
[   14.130706] pci 0000:00:01.1: legacy IDE quirk: reg 0x1c: [io  0x0376]
[   14.196731] ACPI: PCI Interrupt Link [LNKA] (IRQs 5 9 10 11) *0, disabled.
[   14.252306] ACPI: PCI Interrupt Link [LNKB] (IRQs 5 9 10 *11)
[   14.299333] ACPI: PCI Interrupt Link [LNKC] (IRQs 5 9 *10 11)
[   14.337733] ACPI: PCI Interrupt Link [LNKD] (IRQs 5 *9 10 11)
[   14.356340] ACPI: Enabled 2 GPEs in block 00 to 07
[   14.385741] vgaarb: setting as boot device: PCI:0000:00:02.0
[   14.404701] vgaarb: device added: PCI:0000:00:02.0,decodes=io+mem,owns=io+mem,locks=none
[   14.436815] vgaarb: loaded
[   14.462070] vgaarb: bridge control possible 0000:00:02.0
[   14.518697] SCSI subsystem initialized
[   14.558486] ACPI: bus type USB registered
[   14.609280] usbcore: registered new interface driver usbfs
[   14.677023] usbcore: registered new interface driver hub
[   14.730914] usbcore: registered new device driver usb
[   14.757889] PCI: Using ACPI for IRQ routing
[   14.784736] NetLabel: Initializing
[   14.791200] NetLabel:  domain hash size = 128
[   14.812347] NetLabel:  protocols = UNLABELED CIPSOv4
[   14.847867] NetLabel:  unlabeled traffic allowed by default
[   14.880437] amd_nb: Cannot enumerate AMD northbridges
[   14.910489] clocksource: Switched to clocksource kvm-clock
[   14.945456] AppArmor: AppArmor Filesystem Enabled
[   14.953278] pnp: PnP ACPI init
[   14.968907] pnp: PnP ACPI: found 3 devices
[   14.978078] clocksource: acpi_pm: mask: 0xffffff max_cycles: 0xffffff, max_idle_ns: 2085701024 ns
[   14.987580] NET: Registered protocol family 2
[   15.021408] TCP established hash table entries: 8192 (order: 4, 65536 bytes)
[   15.071727] TCP bind hash table entries: 8192 (order: 5, 131072 bytes)
[   15.101713] TCP: Hash tables configured (established 8192 bind 8192)
[   15.147215] UDP hash table entries: 512 (order: 2, 16384 bytes)
[   15.198833] UDP-Lite hash table entries: 512 (order: 2, 16384 bytes)
[   15.235022] NET: Registered protocol family 1
[   15.248314] pci 0000:00:00.0: Limiting direct PCI/PCI transfers
[   15.279048] pci 0000:00:01.0: Activating ISA DMA hang workarounds
[   15.318133] Trying to unpack rootfs image as initramfs...
[   16.638081] Freeing initrd memory: 7280K (ffff8800371b8000 - ffff8800378d4000)
[   16.667139] RAPL PMU detected, API unit is 2^-32 Joules, 3 fixed counters 10737418240 ms ovfl timer
[   16.694416] hw unit of domain pp0-core 2^-0 Joules
[   16.721294] hw unit of domain package 2^-0 Joules
[   16.781129] hw unit of domain pp1-gpu 2^-0 Joules
[   16.802205] platform rtc_cmos: registered platform RTC device (no PNP device found)
[   16.859161] Scanning for low memory corruption every 60 seconds
[   16.880116] futex hash table entries: 512 (order: 3, 32768 bytes)
[   16.922160] audit: initializing netlink subsys (disabled)
[   16.930945] audit: type=2000 audit(1473377666.910:1): initialized
[   16.962869] Initialise system trusted keyring
[   16.969297] HugeTLB registered 2 MB page size, pre-allocated 0 pages
[   16.981226] zbud: loaded
[   16.994159] VFS: Disk quotas dquot_6.6.0
[   16.997490] VFS: Dquot-cache hash table entries: 512 (order 0, 4096 bytes)
[   17.000491] squashfs: version 4.0 (2009/01/31) Phillip Lougher
[   17.017053] fuse init (API version 7.23)
[   17.041028] Key type big_key registered
[   17.047252] Allocating IMA MOK and blacklist keyrings.
[   17.054752] Key type asymmetric registered
[   17.065264] Asymmetric key parser 'x509' registered
[   17.098332] Block layer SCSI generic (bsg) driver version 0.4 loaded (major 249)
[   17.209283] io scheduler noop registered
[   17.237672] io scheduler deadline registered (default)
[   17.261716] io scheduler cfq registered
[   17.313846] pci_hotplug: PCI Hot Plug PCI Core version: 0.5
[   17.401316] pciehp: PCI Express Hot Plug Controller Driver version: 0.4
[   17.491943] ACPI: AC Adapter [AC] (on-line)
[   17.501457] input: Power Button as /devices/LNXSYSTM:00/LNXPWRBN:00/input/input0
[   17.581551] ACPI: Power Button [PWRF]
[   17.650536] input: Sleep Button as /devices/LNXSYSTM:00/LNXSLPBN:00/input/input1
[   17.671636] ACPI: Sleep Button [SLPF]
[   17.728465] GHES: HEST is not enabled!
[   17.729667] ACPI: Battery Slot [BAT0] (battery present)
[   17.760409] Serial: 8250/16550 driver, 32 ports, IRQ sharing enabled
[   17.809946] 00:02: ttyS0 at I/O 0x3f8 (irq = 4, base_baud = 115200) is a 16550A
[   17.826350] tsc: Refined TSC clocksource calibration: 2294.844 MHz
[   17.909397] clocksource: tsc: mask: 0xffffffffffffffff max_cycles: 0x21142e631b6, max_idle_ns: 440795252172 ns
[   18.002317] Linux agpgart interface v0.103
[   18.072470] brd: module loaded
[   18.133403] loop: module loaded
[   18.208359] scsi host0: ata_piix
[   18.267727] scsi host1: ata_piix
[   18.302690] ata1: PATA max UDMA/33 cmd 0x1f0 ctl 0x3f6 bmdma 0xd000 irq 14
[   18.383874] ata2: PATA max UDMA/33 cmd 0x170 ctl 0x376 bmdma 0xd008 irq 15
[   18.414229] libphy: Fixed MDIO Bus: probed
[   18.437136] tun: Universal TUN/TAP device driver, 1.6
[   18.466229] tun: (C) 1999-2004 Max Krasnyansky <maxk@qualcomm.com>
[   18.478939] PPP generic driver version 2.4.2
[   18.497744] ehci_hcd: USB 2.0 'Enhanced' Host Controller (EHCI) Driver
[   18.550932] ehci-pci: EHCI PCI platform driver
[   18.575682] ehci-platform: EHCI generic platform driver
[   18.625977] ohci_hcd: USB 1.1 'Open' Host Controller (OHCI) Driver
[   18.690126] ohci-pci: OHCI PCI platform driver
[   18.705893] ohci-platform: OHCI generic platform driver
[   18.757747] uhci_hcd: USB Universal Host Controller Interface driver
[   18.783942] i8042: PNP: PS/2 Controller [PNP0303:PS2K,PNP0f03:PS2M] at 0x60,0x64 irq 1,12
[   18.809695] serio: i8042 KBD port at 0x60,0x64 irq 1
[   18.817912] serio: i8042 AUX port at 0x60,0x64 irq 12
[   18.860609] mousedev: PS/2 mouse device common for all mice
[   18.892891] rtc_cmos rtc_cmos: rtc core: registered rtc_cmos as rtc0
[   18.907850] rtc_cmos rtc_cmos: alarms up to one day, 114 bytes nvram
[   18.948328] input: AT Translated Set 2 keyboard as /devices/platform/i8042/serio0/input/input2
[   18.999632] i2c /dev entries driver
[   19.029184] device-mapper: uevent: version 1.0.3
[   19.051281] device-mapper: ioctl: 4.34.0-ioctl (2015-10-28) initialised: dm-devel@redhat.com
[   19.077709] ledtrig-cpu: registered to indicate activity on CPUs
[   19.144082] NET: Registered protocol family 10
[   19.171155] NET: Registered protocol family 17
[   19.214126] Key type dns_resolver registered
[   19.239291] microcode: CPU0 sig=0x306a9, pf=0x2, revision=0x19
[   19.307512] microcode: CPU1 sig=0x306a9, pf=0x2, revision=0x19
[   19.343131] microcode: Microcode Update Driver: v2.01 <tigran@aivazian.fsnet.co.uk>, Peter Oruba
[   19.398850] registered taskstats version 1
[   19.435428] Loading compiled-in X.509 certificates
[   19.449667] Loaded X.509 cert 'Build time autogenerated kernel key: 181cd957879f68b474ab1d0c92722cd44e756f77'
[   19.504876] zswap: loaded using pool lzo/zbud
[   19.539680] Key type trusted registered
[   19.571907] Key type encrypted registered
[   19.583621] AppArmor: AppArmor sha1 policy hashing enabled
[   19.616151] ima: No TPM chip found, activating TPM-bypass!
[   19.640541] evm: HMAC attrs: 0x1
[   19.657480]   Magic number: 0:91:605
[   19.667673] rtc_cmos rtc_cmos: setting system clock to 2016-09-08 23:34:37 UTC (1473377677)
[   19.733440] BIOS EDD facility v0.16 2004-Jun-25, 0 devices found
[   19.767483] EDD information not available.
[   19.788920] Freeing unused kernel memory: 1480K (ffffffff81f42000 - ffffffff820b4000)
[   19.812744] Write protecting the kernel read-only data: 14336k
[   19.814736] Freeing unused kernel memory: 1832K (ffff880001836000 - ffff880001a00000)
[   19.831594] Freeing unused kernel memory: 152K (ffff880001dda000 - ffff880001e00000)
Loading, please wait...
starting version[   19.858161] random: systemd-udevd urandom read with 4 bits of entropy available
 229
[   19.938232] e1000: Intel(R) PRO/1000 Network Driver - version 7.3.21-k8-NAPI
[   19.971680] e1000: Copyright (c) 1999-2006 Intel Corporation.
[   20.028342] Fusion MPT base driver 3.04.20
[   20.032805] Copyright (c) 1999-2008 LSI Corporation
[   20.055320] Fusion MPT SPI Host driver 3.04.20
[   20.161733] AVX version of gcm_enc/dec engaged.
[   20.197802] AES CTR mode by8 optimization enabled
[   20.296596] input: ImExPS/2 Generic Explorer Mouse as /devices/platform/i8042/serio1/input/input4
[   20.564956] e1000 0000:00:03.0 eth0: (PCI:33MHz:32-bit) 02:b4:4d:a4:c6:18
[   20.616389] e1000 0000:00:03.0 eth0: Intel(R) PRO/1000 Network Connection
[   21.294108] e1000 0000:00:08.0 eth1: (PCI:33MHz:32-bit) 08:00:27:2d:b5:ca
[   21.317068] e1000 0000:00:08.0 eth1: Intel(R) PRO/1000 Network Connection
[   21.339304] mptbase: ioc0: Initiating bringup
[   21.340885] e1000 0000:00:08.0 enp0s8: renamed from eth1
[   21.375163] e1000 0000:00:03.0 enp0s3: renamed from eth0
[   21.435208] ioc0: LSI53C1030 A0: Capabilities={Initiator}
[   22.111810] scsi host2: ioc0: LSI53C1030 A0, FwRev=00000000h, Ports=1, MaxQ=256, IRQ=20
[   23.834233] floppy0: no floppy controllers found
[   23.862044] work still pending
[   23.961422] scsi 2:0:0:0: Direct-Access     VBOX     HARDDISK         1.0  PQ: 0 ANSI: 5
[   24.840906] scsi target2:0:0: Beginning Domain Validation
[   24.890459] scsi target2:0:0: Domain Validation skipping write tests
[   24.920465] scsi target2:0:0: Ending Domain Validation
[   24.941345] scsi target2:0:0: asynchronous
[   24.976563] scsi 2:0:1:0: Direct-Access     VBOX     HARDDISK         1.0  PQ: 0 ANSI: 5
[   25.043772] scsi target2:0:1: Beginning Domain Validation
[   25.074331] scsi target2:0:1: Domain Validation skipping write tests
[   25.085517] scsi target2:0:1: Ending Domain Validation
[   25.177020] scsi target2:0:1: asynchronous
[   25.284967] sd 2:0:0:0: [sda] 20971520 512-byte logical blocks: (10.7 GB/10.0 GiB)
[   25.386441] sd 2:0:0:0: Attached scsi generic sg0 type 0
[   25.386859] sd 2:0:0:0: [sda] Write Protect is off
[   25.387003] sd 2:0:0:0: [sda] Incomplete mode parameter data
[   25.387004] sd 2:0:0:0: [sda] Assuming drive cache: write through
[   25.406113]  sda: sda1
[   25.428739] sd 2:0:0:0: [sda] Attached SCSI disk
[   25.534198] sd 2:0:1:0: Attached scsi generic sg1 type 0
[   25.534299] sd 2:0:1:0: [sdb] 20480 512-byte logical blocks: (10.5 MB/10.0 MiB)
[   25.534612] sd 2:0:1:0: [sdb] Write Protect is off
[   25.534801] sd 2:0:1:0: [sdb] Incomplete mode parameter data
[   25.534803] sd 2:0:1:0: [sdb] Assuming drive cache: write through
[   25.554418] sd 2:0:1:0: [sdb] Attached SCSI disk
Begin: Loading e[   27.185339] md: linear personality registered for level -1
ssential drivers[   27.223705] md: multipath personality registered for level -4
 ... [   27.264256] md: raid0 personality registered for level 0
[   27.283529] md: raid1 personality registered for level 1
[   27.370560] raid6: sse2x1   gen()  4342 MB/s
[   27.446910] raid6: sse2x1   xor()  5678 MB/s
[   27.534653] raid6: sse2x2   gen()  9522 MB/s
[   27.622540] raid6: sse2x2   xor()  7297 MB/s
[   27.887982] raid6: sse2x4   gen() 13741 MB/s
[   27.998754] raid6: sse2x4   xor()  6737 MB/s
[   28.014182] raid6: using algorithm sse2x4 gen() 13741 MB/s
[   28.221031] raid6: .... xor() 6737 MB/s, rmw enabled
[   28.316947] raid6: using ssse3x2 recovery algorithm
[   28.413621] xor: automatically using best checksumming function:
[   28.454723]    avx       : 17956.000 MB/sec
[   28.501070] async_tx: api initialized (async)
[   28.553254] md: raid6 personality registered for level 6
[   28.577904] md: raid5 personality registered for level 5
[   28.630065] md: raid4 personality registered for level 4
[   28.668438] md: raid10 personality registered for level 10
done.
Begin: Running /scripts/init-premount ... done.
Begin: Mounting root file system ... Begin: Running /scr[   28.780555] Btrfs loaded
ipts/local-top ... done.
Begin: Running /scripts/local-premount ... Scanning for Btrfs filesystems
done.
Warning: fsck no[   28.929565] EXT4-fs (sda1): INFO: recovery required on readonly filesystem
t present, so sk[   29.024283] EXT4-fs (sda1): write access will be enabled during recovery
ipping root file system
[   29.417719] EXT4-fs (sda1): orphan cleanup on readonly fs
[   29.500834] EXT4-fs (sda1): 1 orphan inode deleted
[   29.569592] EXT4-fs (sda1): recovery complete
[   29.732083] EXT4-fs (sda1): mounted filesystem with ordered data mode. Opts: (null)
done.
Begin: Running /scripts/local-bottom ... done.
Begin: Running /scripts/init-bottom ... Warning: overlayroot: debug is busted
done.
[   30.191275] random: nonblocking pool is initialized
[   30.617403] systemd[1]: systemd 229 running in system mode. (+PAM +AUDIT +SELINUX +IMA +APPARMOR +SMACK +SYSVINIT +UTMP +LIBCRYPTSETUP +GCRYPT +GNUTLS +ACL +XZ -LZ4 +SECCOMP +BLKID +ELFUTILS +KMOD -IDN)
[   30.679097] systemd[1]: Detected virtualization oracle.
[   30.760851] systemd[1]: Detected architecture x86-64.

Welcome to [1mUbuntu 16.04.1 LTS[0m!

[   30.908141] systemd[1]: Set hostname to <ubuntu>.
[   30.956035] systemd[1]: Initializing machine ID from random generator.
[   31.123497] systemd[1]: Installed transient /etc/machine-id file.
[   31.906765] systemd[1]: Started Forward Password Requests to Wall Directory Watch.
[[0;32m  OK  [0m] Started Forward Password Requests to Wall Directory Watch.
[   32.026943] systemd[1]: Listening on LVM2 metadata daemon socket.
[[0;32m  OK  [0m] Listening on LVM2 metadata daemon socket.
[   32.095133] systemd[1]: Listening on /dev/initctl Compatibility Named Pipe.
[[0;32m  OK  [0m] Listening on /dev/initctl Compatibility Named Pipe.
[   32.163179] systemd[1]: Set up automount Arbitrary Executable File Formats File System Automount Point.
[[0;32m  OK  [0m] Set up automount Arbitrary Executab...ats File System Automount Point.
[   32.307587] systemd[1]: Listening on LVM2 poll daemon socket.
[[0;32m  OK  [0m] Listening on LVM2 poll daemon socket.
[   32.423656] systemd[1]: Listening on udev Control Socket.
[[0;32m  OK  [0m] Listening on udev Control Socket.
[   32.510995] systemd[1]: Reached target Encrypted Volumes.
[[0;32m  OK  [0m] Reached target Encrypted Volumes.
[   32.572987] systemd[1]: Listening on Journal Audit Socket.
[[0;32m  OK  [0m] Listening on Journal Audit Socket.
[   32.634998] systemd[1]: Reached target Swap.
[[0;32m  OK  [0m] Reached target Swap.
[   32.707296] systemd[1]: Reached target User and Group Name Lookups.
[[0;32m  OK  [0m] Reached target User and Group Name Lookups.
[   32.819612] systemd[1]: Listening on Journal Socket (/dev/log).
[[0;32m  OK  [0m] Listening on Journal Socket (/dev/log).
[   32.867164] systemd[1]: Listening on udev Kernel Socket.
[[0;32m  OK  [0m] Listening on udev Kernel Socket.
[   32.925650] systemd[1]: Created slice User and Session Slice.
[[0;32m  OK  [0m] Created slice User and Session Slice.
[   32.975454] systemd[1]: Listening on Device-mapper event daemon FIFOs.
[[0;32m  OK  [0m] Listening on Device-mapper event daemon FIFOs.
[   33.011356] systemd[1]: Listening on Journal Socket.
[[0;32m  OK  [0m] Listening on Journal Socket.
[   33.067344] systemd[1]: Created slice System Slice.
[[0;32m  OK  [0m] Created slice System Slice.
[   33.135264] systemd[1]: Starting Nameserver information manager...
         Starting Nameserver information manager...
[   33.327246] systemd[1]: Starting Load Kernel Modules...
         Starting Load Kernel Modules...
[   33.386827] systemd[1]: Mounting POSIX Message Queue File System...
         Mountin[   33.400482] Loading iSCSI transport class v2.0-870.
g POSIX Message Queue File System...
[   33.449777] iscsi: registered transport (tcp)
[   33.498951] systemd[1]: Mounting Huge Pages File System...
         Mounting Huge Pages File System...
[   33.539069] systemd[1]: Reached target Slices.
[[0;32m  OK  [0m] Reached target Slices.
[   33.558286] iscsi: registered transport (iser)
[   34.475003] systemd[1]: Starting Uncomplicated firewall...
         Starting Uncomplicated firewall...
[   34.550953] systemd[1]: Starting Create list of required static device nodes for the current kernel...
         Starting Create list of required st... nodes for the current kernel...
[   34.638854] systemd[1]: Starting Monitoring of LVM2 mirrors, snapshots etc. using dmeventd or progress polling...
         Starting Monitoring of LVM2 mirrors... dmeventd or progress polling...
[   34.714466] systemd[1]: Created slice system-serial\x2dgetty.slice.
[[0;32m  OK  [0m] Created slice system-serial\x2dgetty.slice.
[   34.791028] systemd[1]: Starting Set console keymap...
         Starting Set console keymap...
[   34.838954] systemd[1]: Mounting Debug File System...
         Mounting Debug File System...
[   34.918916] systemd[1]: Starting Remount Root and Kernel File Systems...
[   34.934918] EXT4-fs (sda1): re-mounted. Opts: (null)
         Starting Remount Root and Kernel File Systems...
[   35.011059] systemd[1]: Listening on Syslog Socket.
[[0;32m  OK  [0m] Listening on Syslog Socket.
[   35.075243] systemd[1]: Starting Journal Service...
         Starting Journal Service...
[   35.096955] systemd[1]: Mounted Debug File System.
[[0;32m  OK  [0m] Mounted Debug File System.
[   35.150214] systemd[1]: Mounted Huge Pages File System.
[[0;32m  OK  [0m] Mounted Huge Pages File System.
[   35.202917] systemd[1]: Mounted POSIX Message Queue File System.
[[0;32m  OK  [0m] Mounted POSIX Message Queue File System.
[   35.231181] systemd[1]: Started Journal Service.
[[0;32m  OK  [0m] Started Journal Service.
[[0;32m  OK  [0m] Started Load Kernel Modules.
[[0;32m  OK  [0m] Started Uncomplicated firewall.
[[0;32m  OK  [0m] Started Create list of required sta...ce nodes for the current kernel.
[[0;32m  OK  [0m] Started Set console keymap.
[[0;32m  OK  [0m] Started Remount Root and Kernel File Systems.
[[0;32m  OK  [0m] Started Nameserver information manager.
[[0;32m  OK  [0m] Started LVM2 metadata daemon.
         Starting udev Coldplug all Devices...
         Starting Load/Save Random Seed...
         Starting Create Static Device Nodes in /dev...
         Mounting FUSE Control File System...
         Starting Apply Kernel Variables...
         Starting Flush Journal to Persistent Storage...
[[0;32m  OK  [0m] Mounted FUSE Control File System.
[[0;32m  OK  [0m] Started Load/Save Random Seed.
[[0;32m  OK  [0m] Started Apply Kernel Variables.
[[0;32m  OK  [0m] Started udev Coldplug all Devices.
[[0;32m  OK  [0m] Started Monitoring of LVM2 mirrors,...ng dmeventd or progress polling.
[[0;32m  OK  [0m] Started Create Static Device Nodes in /dev.
         Starting udev Kernel Device Manager...
[[0;32m  OK  [0m] Started Flush Journal to Persistent Storage.
[[0;32m  OK  [0m] Started udev Kernel Device Manager.
[[0;32m  OK  [0m] Reached target Local File Systems (Pre).
[[0;32m  OK  [0m] Reached target Local File Systems.
         Starting Create Volatile Files and Directories...
         Starting LSB: AppArmor initialization...
         Starting Initial cloud-init job (pre-networking)...
         Starting Tell Plymouth To Write Out Runtime Data...
         Starting Run snappy firstboot setup...
         Starting Commit a transient machine-id on disk...
         Starting Set console font and keymap...
[[0;32m  OK  [0m] Started Dispatch Password Requests to Console Directory Watch.
[[0;32m  OK  [0m] Started Create Volatile Files and Directories.
[[0;32m  OK  [0m] Found device /dev/ttyS0.
[[0;32m  OK  [0m] Reached target System Time Synchronized.
         Starting Update UTMP about System Boot/Shutdown...
[[0;32m  OK  [0m] Started Tell Plymouth To Write Out Runtime Data.
[[0;32m  OK  [0m] Started Commit a transient machine-id on disk.
[[0;32m  OK  [0m] Listening on Load/Save RF Kill Switch Status /dev/rfkill Watch.
[[0;32m  OK  [0m] Started Update UTMP about System Boot/Shutdown.
[[0;32m  OK  [0m] Started Run snappy firstboot setup.
[[0;32m  OK  [0m] Started LSB: AppArmor initialization.
[[0;32m  OK  [0m] Reached target System Initialization.
[[0;32m  OK  [0m] Started ACPI Events Check.
[[0;32m  OK  [0m] Listening on D-Bus System Message Bus Socket.
[[0;32m  OK  [0m] Reached target Paths.
[[0;32m  OK  [0m] Started Daily Cleanup of Temporary Directories.
[[0;32m  OK  [0m] Started Timer to automatically refresh installed snaps.
         Starting LXD - unix socket.
         Starting Socket activation for snappy daemon.
[[0;32m  OK  [0m] Started Daily apt activities.
[[0;32m  OK  [0m] Reached target Timers.
[[0;32m  OK  [0m] Listening on UUID daemon activation socket.
[[0;32m  OK  [0m] Listening on ACPID Listen Socket.
[[0;32m  OK  [0m] Listening on LXD - unix socket.
[[0;32m  OK  [0m] Listening on Socket activation for snappy daemon.
[[0;32m  OK  [0m] Reached target Sockets.
[[0;32m  OK  [0m] Reached target Basic System.
[[0;32m  OK  [0m] Started Snappy daemon.
         Starting LSB: Record successful boot for GRUB...
[[0;32m  OK  [0m] Started Deferred execution scheduler.
[[0;32m  OK  [0m] Started FUSE filesystem for LXC.
         Starting LSB: MD monitoring daemon...
[[0;32m  OK  [0m] Started ACPI event daemon.
         Starting Login Service...
         Starting Accounts Service...
[[0;32m  OK  [0m] Started D-Bus System Message Bus.
[[0;32m  OK  [0m] Started Regular background program processing daemon.
         Starting System Logging Service...
         Starting LXD - container startup/shutdown...
[[0;32m  OK  [0m] Started Set console font and keymap.
[[0;32m  OK  [0m] Created slice system-getty.slice.
[[0;32m  OK  [0m] Started Login Service.
[[0;32m  OK  [0m] Started LSB: Record successful boot for GRUB.
         Starting Authenticate and Authorize Users to Run Privileged Tasks...
[[0;32m  OK  [0m] Started LSB: MD monitoring daemon.
[[0;32m  OK  [0m] Started System Logging Service.
[[0;32m  OK  [0m] Started Authenticate and Authorize Users to Run Privileged Tasks.
[[0;32m  OK  [0m] Started Accounts Service.
[[0;32m  OK  [0m] Started LXD - container startup/shutdown.
[   34.480399] cloud-init[1204]: Cloud-init v. 0.7.7 running 'init-local' at Thu, 08 Sep 2016 23:35:04 +0000. Up 33.76 seconds.
[[0;32m  OK  [0m] Started Initial cloud-init job (pre-networking).
[[0;32m  OK  [0m] Reached target Network (Pre).
         Starting Raise network interfaces...
[[0;32m  OK  [0m] Started Raise network interfaces.
         Starting Initial cloud-init job (metadata service crawler)...
[[0;32m  OK  [0m] Reached target Network.
[   37.585163] cloud-init[2086]: Cloud-init v. 0.7.7 running 'init' at Thu, 08 Sep 2016 23:35:06 +0000. Up 35.40 seconds.
[   37.629326] cloud-init[2086]: ci-info: ++++++++++++++++++++++++++++++++++++++Net device info++++++++++++++++++++++++++++++++++++++
[[0;32m  OK  [0m] Started Initial cloud-init job (metadata service crawler).
[   37.702019] cloud-init[2086]: ci-info: +--------+-------+----------------------------+---------------+-------+-------------------+
[   37.786671] cloud-init[2086]: ci-info: | Device |   Up  |          Address           |      Mask     | Scope |     Hw-Address    |
[   37.787181] cloud-init[2086]: ci-info: +--------+-------+----------------------------+---------------+-------+-------------------+
[[0;32m  OK  [0m] Reached target Network is Online.
[   37.787505] cloud-init[2086]: ci-info: | enp0s3 |  True |         10.0.2.15          | 255.255.255.0 |   .   | 02:b4:4d:a4:c6:18 |
[   38.025031] cloud-init[2086]: ci-info: | enp0s3 |  True | fe80::b4:4dff:fea4:c618/64 |       .       |  link | 02:b4:4d:a4:c6:18 |
[   38.025707] cloud-init[2086]: ci-info: | enp0s8 | False |             .              |       .       |   .   | 08:00:27:2d:b5:ca |
         Starting /etc/rc.local Compatibility...
[   38.026170] cloud-init[2086]: ci-info: |   lo   |  True |         127.0.0.1          |   255.0.0.0   |   .   |         .         |
[   38.392562] cloud-init[2086]: ci-info: |   lo   |  True |          ::1/128           |       .       |  host |         .         |
[   38.393219] cloud-init[2086]: ci-info: +--------+-------+----------------------------+---------------+-------+-------------------+
         Starting Pollinate to seed the pseudo random number generator...
[   38.393667] cloud-init[2086]: ci-info: +++++++++++++++++++++++++++Route IPv4 info++++++++++++++++++++++++++++
         Starting iSCSI initiator daemon (iscsid)...
[[   38.639097] cloud-init[2086]: ci-info: +-------+-------------+----------+---------------+-----------+-------+
[   38.656425] cloud-init[2086]: ci-info: | Route | Destination | Gateway  |    Genmask    | Interface | Flags |
[   38.658684] cloud-init[2086]: ci-info: +-------+-------------+----------+---------------+-----------+-------+
[   38.658826] cloud-init[2086]: ci-info: |   0   |   0.0.0.0   | 10.0.2.2 |    0.0.0.0    |   enp0s3  |   UG  |
[   38.659018] cloud-init[2086]: ci-info: |   1   |   10.0.2.0  | 0.0.0.0  | 255.255.255.0 |   enp0s3  |   U   |
[   38.659201] cloud-init[2086]: ci-info: +-------+-------------+----------+---------------+-----------+-------+
[   38.659385] cloud-init[2086]: Generating public/private rsa key pair.
[   38.659609] cloud-init[2086]: Your identification has been saved in /etc/ssh/ssh_host_rsa_key.
[   38.659807] cloud-init[2086]: Your public key has been saved in /etc/ssh/ssh_host_rsa_key.pub.[0;32m  OK  [0m
] Reached target Cloud-config availability.
[   38.659911] cloud-init[2086]: The key fingerprint is:
         [   38.984928] Starting Apply the settings specified in cloud-config...cloud-init
[2086]: SHA256:Oq9gMyoZRk8DV6qduKaXuxpHyI4eLTG8QGT6D/HcR5g root@ubuntu-xenial
[   39.060722] cloud-init[2086]: The key's randomart image is:
[   39.061346] cloud-init[2086]: +---[RSA 2048]----+
[[0;32m  OK  [0m] Started /etc/rc.local Compatibility.
[   39.061720] cloud-init[2086]: | o  ..           |
[   39.185200] cloud-init[2086]: |+. ..  o         |
[   39.211257] cloud-init[2086]: |..+.  E .        |
[   39.240785] cloud-init[2086]: |+++*.. .         |
[   39.240947] cloud-init[2086]: |+B*o+ . S        |
[[0;32m  OK  [0m] Started iSCSI initiator daemon (iscsid).
[   39.241373] cloud-init[2086]: |=o*+   o         |
[   39.345750] cloud-init[2086]: |+X.o* o          |
[   39.346399] cloud-init[2086]: |*o=o + o         |
         Starting Login to default iSCSI targets...
[   39.346779] cloud-init[2086]: |o=+o  ...        |
[   39.464587] cloud-init[2086]: +----[SHA256]-----+
[   39.478307] cloud-init[2086]: Generating public/private dsa key pair.
[   39.516899] cloud-init[2086]: Your identification has been saved in /etc/ssh/ssh_host_dsa_key.
[   39.554818] cloud-init[2086]: Your public key has been saved in /etc/ssh/ssh_host_dsa_key.pub.
[   39.612258] cloud-init[2086]: The key fingerprint is:
[   39.612612] cloud-init[2086]: SHA256:hWb+3FaJ1rN3GKUEnDt+VyxQ3RmlqUVQWIyXyjZu+N0 root@ubuntu-xenial
[[0;32m  OK  [0m] Started Login to default iSCSI targets.
[[0;32m  OK  [0m] Reached target Remote File Systems (Pre).
[[0;32m  OK  [0m] Reached target Remote File Systems.
[   39.612819] cloud-init[2086]: The key's randomart image is:
         Starting LSB: VirtualBox Linux Additions...
[   39.819777] cloud-init[2086]: +---[DSA 1024]----+
         Starting LSB: Set the CPU Frequency Scaling governor to "ondemand"...
[   39.899596] cloud-init[2086]: |           .oX=+*|
[   39.968670]          cloud-initStarting LSB: automatic crash report generation...[2086]: 
|         .  *o++o|
[   40.020622]          cloud-initStarting Permit User Sessions...[2086]: 
|        + .. ==..|
         Starting LSB: daemon to balance interrupts for SMP systems...
[[0;32m  OK  [0m] Started Permit User Sessions.
[   40.058768] cloud-init[2086]: |       + .  B*.+o|
[   40.160620] cloud-init[2086]: |        S  =+oB..|
[[0;32m  OK  [0m] Started LSB: Set the CPU Frequency Scaling governor to "ondemand".
[   40.161740] cloud-init[2086]: |         o.o+..=.|
[   40.292616] cloud-init[2086]: |          ooooooo|
[   40.293090] cloud-init[2086]: |           .. ..E|
         Starting Terminate Plymouth Boot Screen...
[   40.293442] cloud-init[2086]: |                 |
[   40.424652] cloud-init[2086]: +----[SHA256]-----+
         Starting Hold until boot process finishes up...
[   40.468376] cloud-init[2086]: Generating public/private ecdsa key pair.
[   40.528528] cloud-init[2086]: Your identification has been saved in /etc/ssh/ssh_host_ecdsa_key.
[   40.529182] cloud-init[2086]: Your public key has been saved in /etc/ssh/ssh_host_ecdsa_key.pub.
[[0;32m  OK  [0m] Started LSB: automatic crash report generation.
[[   40.529407] cloud-init[2086]: The key fingerprint is:
[   40.697398] cloud-init[2086]: SHA256:rmVuDN31QQgwSh1EC35y00M+NPnzRYOBFXGCoaqi5Rk root@ubuntu-xenial
[0;32m  OK  [0m] Started LSB: daemon to balance interrupts for SMP systems.
[   40.697633] cloud-init[2086]: The key's randomart image is:
[   40.796619] cloud-init[2086]: +---[ECDSA 256]---+
[   40.797222] cloud-init[2086]: |      o+*o=+=B=. |
[[0;32m  OK  [0m] Started LSB: VirtualBox Linux Additions.
[   40.797467] cloud-init[2086]: |     o o.Bo+..+..|
[   40.900666] cloud-init[2086]: |      + =.=. . ..|
[   40.901060] cloud-init[2086]: |       +.. o+ . .|
[[0;32m  OK  [0m] Started Terminate Plymouth Boot Screen.
[   40.901298] cloud-init[2086]: |       oS. . + o |
[   40.988893] cloud-init[2086]: |      o.. .   o  |
[   40.989665] cloud-init[2086]: |   E . o+        |
[[0;32m  OK  [0m] Started Hold until boot process finishes up.
[   40.990111] cloud-init[2086]: |  + +  =o        |
[   41.102558] cloud-init[2086]: | . o  ...        |
[   41.124725]          cloud-initStarting Set console scheme...[2086]: 
+----[SHA256]-----+
[   41.152554] [cloud-init[0;32m  OK  [0m[2086]: ] Generating public/private ed25519 key pair.Started Serial Getty on ttyS0.

[   41.208517] [cloud-init[0;32m  OK  [0m[2086]: ] Your identification has been saved in /etc/ssh/ssh_host_ed25519_key.Started Getty on tty1.

[   41.209707] [cloud-init[0;32m  OK  [0m[2086]: ] Your public key has been saved in /etc/ssh/ssh_host_ed25519_key.pub.Reached target Login Prompts.

[   41.262107] cloud-init[2086]: The key fingerprint is:
[   41.352948] [[0;32m  OK  [0mcloud-init] [2086]: Started Set console scheme.SHA256:orG2URODESX+Uurnd9vCUZ7gB4q6X8C4fQb6WixIfng root@ubuntu-xenial

[   41.354014] cloud-init[2086]: The key's randomart image is:
[   41.458428] cloud-init[2086]: +--[ED25519 256]--+
[   41.484396] cloud-init[2086]: |    +o.          |
[   41.520547] cloud-init[2086]: |   . +           |
[   41.577183] cloud-init[2086]: |    o +          |
[   41.612722] cloud-init[2086]: |     * o  o .    |
[   41.661109] cloud-init[2086]: |  . = O.So = .   |
[   41.696773] cloud-init[2086]: | o + @.=. o +    |
[   41.808751] cloud-init[2086]: |  + E.= +. o     |
[   41.856555] cloud-init[2086]: |   +.O +. +.     |
[   41.880832] cloud-init[2086]: |    +++. ..o.    |
[   41.907399] cloud-init[2086]: +----[SHA256]-----+
[[0;32m  OK  [0m] Started Pollinate to seed the pseudo random number generator.
         Starting OpenBSD Secure Shell server...
[[0;32m  OK  [0m] Started OpenBSD Secure Shell server.

Ubuntu 16.04.1 LTS ubuntu-xenial ttyS0

ubuntu-xenial login: [   71.712368] cloud-init[2202]: Generating locales (this might take a while)...
[   73.205357] cloud-init[2202]:   en_US.UTF-8... done
[   73.205746] cloud-init[2202]: Generation complete.
[   75.028412] cloud-init[2202]: Cloud-init v. 0.7.7 running 'modules:config' at Thu, 08 Sep 2016 23:35:10 +0000. Up 39.78 seconds.
ci-info: no authorized ssh keys fingerprints found for user ubuntu.
<14>Sep  8 23:35:46 ec2: 
<14>Sep  8 23:35:46 ec2: #############################################################
<14>Sep  8 23:35:46 ec2: -----BEGIN SSH HOST KEY FINGERPRINTS-----
<14>Sep  8 23:35:46 ec2: 1024 SHA256:hWb+3FaJ1rN3GKUEnDt+VyxQ3RmlqUVQWIyXyjZu+N0 root@ubuntu-xenial (DSA)
<14>Sep  8 23:35:46 ec2: 256 SHA256:rmVuDN31QQgwSh1EC35y00M+NPnzRYOBFXGCoaqi5Rk root@ubuntu-xenial (ECDSA)
<14>Sep  8 23:35:46 ec2: 256 SHA256:orG2URODESX+Uurnd9vCUZ7gB4q6X8C4fQb6WixIfng root@ubuntu-xenial (ED25519)
<14>Sep  8 23:35:46 ec2: 2048 SHA256:Oq9gMyoZRk8DV6qduKaXuxpHyI4eLTG8QGT6D/HcR5g root@ubuntu-xenial (RSA)
<14>Sep  8 23:35:46 ec2: -----END SSH HOST KEY FINGERPRINTS-----
<14>Sep  8 23:35:46 ec2: #############################################################
-----BEGIN SSH HOST KEY KEYS-----
ecdsa-sha2-nistp256 AAAAE2VjZHNhLXNoYTItbmlzdHAyNTYAAAAIbmlzdHAyNTYAAABBBENnq8vb5ZFQI+OvSI019U+WOz7Oixa1V/LCgmYYcJlS1Ka/H1kiLh60HOLaPb6tpVjfNjkyljrG3+W3/0OaHPs= root@ubuntu-xenial
ssh-ed25519 AAAAC3NzaC1lZDI1NTE5AAAAIFt4j9BOEquj7CcDZklV97/TxnkK7r/5or/w/ygnRR1C root@ubuntu-xenial
ssh-rsa AAAAB3NzaC1yc2EAAAADAQABAAABAQDXM/tM2Iy3HdT3sWN8wcCFvfXuBTHLKFYCo0WI6OOXWk3Wc5jXI/VGceTvQtQ5GXuXu9oMI+EKPSinfVOclNvrhCd8/VHJHGUVL8gh5bF4Xb9DIYEHwaSWHhz5jr9tdl+mfZguNKGW2RopNd2TNzaLonUKgnVhReNZtqaRhSDxwbl/tUfdCDrov4dbeKGShLyq8TUnNBqEKKO+yfTv5UQD0JIibiFHQB26A/VaVKJEzmtflHom6RnMklDiZ8IqZMcPCJR9jb0Cua6Kty+iwyPNtcnyB4oC6iVD8Gy8BiMQmtPhA+WR90AMJS7O8mugjOwEoiraaMkMuBAnZRftwc+1 root@ubuntu-xenial
-----END SSH HOST KEY KEYS-----
[   75.978064] cloud-init[2619]: Cloud-init v. 0.7.7 running 'modules:final' at Thu, 08 Sep 2016 23:35:46 +0000. Up 75.48 seconds.
[   75.978323] cloud-init[2619]: ci-info: no authorized ssh keys fingerprints found for user ubuntu.
[   75.978545] cloud-init[2619]: Cloud-init v. 0.7.7 finished at Thu, 08 Sep 2016 23:35:46 +0000. Datasource DataSourceNoCloud [seed=/dev/sdb][dsmode=net].  Up 75.95 seconds
